2025-12-18 08:34:00 | INFO | repo=curl | action=commit
2025-05-02 20:24:00 | DEBUG | repo=curl | action=edit | files=1
2025-11-25 08:23:00 | INFO | repo=curl | action=edit | files=4
2025-03-07 09:49:00 | INFO | repo=curl | action=pull
2025-05-23 07:59:00 | INFO | repo=curl | action=pull
2025-06-19 20:56:00 | INFO | repo=curl | action=edit | files=2
2025-05-02 08:02:00 | DEBUG | repo=curl | action=test | passed=true
2025-09-24 20:17:00 | WARN | repo=curl | action=edit | files=2
2025-05-05 12:01:00 | WARN | repo=curl | action=pull
2025-04-11 16:01:00 | DEBUG | repo=curl | action=pull
2025-05-22 08:14:00 | WARN | repo=curl | action=commit
2025-08-19 17:35:00 | WARN | repo=curl | action=edit | files=4
2025-11-27 21:54:00 | INFO | repo=curl | action=commit
2025-09-10 07:22:00 | INFO | repo=curl | action=commit
2025-04-19 10:52:00 | WARN | repo=curl | action=commit
2025-04-04 11:23:00 | DEBUG | repo=curl | action=edit | files=5
2025-03-17 07:58:00 | INFO | repo=curl | action=commit
2025-04-07 18:09:00 | DEBUG | repo=curl | action=commit
2025-05-10 16:17:00 | DEBUG | repo=curl | action=test | passed=true
2025-04-24 15:11:00 | WARN | repo=curl | action=commit
